ModuleCmd_Load.c(244):ERROR:105: Unable to locate a modulefile for 'anaconda/2023.07'
cuda(3):ERROR:105: Unable to locate a modulefile for 'cuda/12.6'
Sat Sep 13 15:51:33 2025       
+---------------------------------------------------------------------------------------+
| NVIDIA-SMI 535.154.05             Driver Version: 535.154.05   CUDA Version: 12.2     |
|-----------------------------------------+----------------------+----------------------+
| GPU  Name                 Persistence-M | Bus-Id        Disp.A | Volatile Uncorr. ECC |
| Fan  Temp   Perf          Pwr:Usage/Cap |         Memory-Usage | GPU-Util  Compute M. |
|                                         |                      |               MIG M. |
|=========================================+======================+======================|
|   0  NVIDIA A100-SXM4-40GB          On  | 00000000:03:00.0 Off |                    0 |
| N/A   43C    P0              54W / 400W |      0MiB / 40960MiB |      0%      Default |
|                                         |                      |             Disabled |
+-----------------------------------------+----------------------+----------------------+
|   1  NVIDIA A100-SXM4-40GB          On  | 00000000:41:00.0 Off |                    0 |
| N/A   41C    P0              52W / 400W |      0MiB / 40960MiB |      0%      Default |
|                                         |                      |             Disabled |
+-----------------------------------------+----------------------+----------------------+
|   2  NVIDIA A100-SXM4-40GB          On  | 00000000:81:00.0 Off |                    0 |
| N/A   43C    P0              59W / 400W |      0MiB / 40960MiB |      0%      Default |
|                                         |                      |             Disabled |
+-----------------------------------------+----------------------+----------------------+
|   3  NVIDIA A100-SXM4-40GB          On  | 00000000:C1:00.0 Off |                    0 |
| N/A   42C    P0              56W / 400W |      0MiB / 40960MiB |      0%      Default |
|                                         |                      |             Disabled |
+-----------------------------------------+----------------------+----------------------+
                                                                                         
+---------------------------------------------------------------------------------------+
| Processes:                                                                            |
|  GPU   GI   CI        PID   Type   Process name                            GPU Memory |
|        ID   ID                                                             Usage      |
|=======================================================================================|
|  No running processes found                                                           |
+---------------------------------------------------------------------------------------+
/home/users/ntu/d230009/miniconda3/envs/solospeech/lib/python3.8/site-packages/vector_quantize_pytorch/vector_quantize_pytorch.py:436: FutureWarning: `torch.cuda.amp.autocast(args...)` is deprecated. Please use `torch.amp.autocast('cuda', args...)` instead.
  @autocast(enabled = False)
/home/users/ntu/d230009/miniconda3/envs/solospeech/lib/python3.8/site-packages/vector_quantize_pytorch/vector_quantize_pytorch.py:621: FutureWarning: `torch.cuda.amp.autocast(args...)` is deprecated. Please use `torch.amp.autocast('cuda', args...)` instead.
  @autocast(enabled = False)
/home/users/ntu/d230009/miniconda3/envs/solospeech/lib/python3.8/site-packages/vector_quantize_pytorch/finite_scalar_quantization.py:143: FutureWarning: `torch.cuda.amp.autocast(args...)` is deprecated. Please use `torch.amp.autocast('cuda', args...)` instead.
  @autocast(enabled = False)
/home/users/ntu/d230009/miniconda3/envs/solospeech/lib/python3.8/site-packages/vector_quantize_pytorch/lookup_free_quantization.py:165: FutureWarning: `torch.cuda.amp.autocast(args...)` is deprecated. Please use `torch.amp.autocast('cuda', args...)` instead.
  @autocast(enabled = False)
INFO:speechbrain.utils.quirks:Applied quirks (see `speechbrain.utils.quirks`): [disable_jit_profiling, allow_tf32]
INFO:speechbrain.utils.quirks:Excluded quirks specified by the `SB_DISABLE_QUIRKS` environment (comma-separated list): []
SoloSpeech/scripts/test_v2.py:18: UserWarning: Module 'speechbrain.pretrained' was deprecated, redirecting to 'speechbrain.inference'. Please update your script. This is a change from SpeechBrain 1.0. See: https://github.com/speechbrain/speechbrain/releases/tag/v1.0.0
  from speechbrain.pretrained.interfaces import Pretrained
attention mode is flash
Downloading model from Huggingface...
Fetching 9 files:   0%|          | 0/9 [00:00<?, ?it/s]Fetching 9 files: 100%|██████████| 9/9 [00:00<00:00, 12336.19it/s]
/home/users/ntu/d230009/scratch/speech_pipeline/SoloSpeech/solospeech/vae_modules/stft_vae/__init__.py:23: FutureWarning: You are using `torch.load` with `weights_only=False` (the current default value), which uses the default pickle module implicitly. It is possible to construct malicious pickle data which will execute arbitrary code during unpickling (See https://github.com/pytorch/pytorch/blob/main/SECURITY.md#untrusted-models for more details). In a future release, the default value for `weights_only` will be flipped to `True`. This limits the functions that could be executed during unpickling. Arbitrary objects will no longer be allowed to be loaded via this mode unless they are explicitly allowlisted by the user via `torch.serialization.add_safe_globals`. We recommend you start setting `weights_only=True` for any use case where you don't have full control of the loaded file. Please open an issue on GitHub for any issues related to this experimental feature.
  model_dict = torch.load(ckpt_path, map_location='cpu')['state_dict']
SoloSpeech/scripts/test_v2.py:116: FutureWarning: You are using `torch.load` with `weights_only=False` (the current default value), which uses the default pickle module implicitly. It is possible to construct malicious pickle data which will execute arbitrary code during unpickling (See https://github.com/pytorch/pytorch/blob/main/SECURITY.md#untrusted-models for more details). In a future release, the default value for `weights_only` will be flipped to `True`. This limits the functions that could be executed during unpickling. Arbitrary objects will no longer be allowed to be loaded via this mode unless they are explicitly allowlisted by the user via `torch.serialization.add_safe_globals`. We recommend you start setting `weights_only=True` for any use case where you don't have full control of the loaded file. Please open an issue on GitHub for any issues related to this experimental feature.
  tse_model.load_state_dict(torch.load(args.tse_ckpt)['model'])
INFO:pytorch_lightning.utilities.migration.utils:Lightning automatically upgraded your loaded checkpoint from v1.5.10 to v2.4.0. To apply the upgrade to your files permanently, run `python -m pytorch_lightning.utilities.upgrade_checkpoint ../../../../../home/users/ntu/d230009/.cache/huggingface/hub/models--OpenSound--SoloSpeech-models/snapshots/a20eb37b089fd1d9be2574496d9736d9ce0dcace/corrector.ckpt`
INFO:speechbrain.utils.fetching:Fetch hyperparams.yaml: Fetching from HuggingFace Hub 'yangwang825/ecapa-tdnn-vox2' if not cached
INFO:speechbrain.utils.fetching:Fetch custom.py: Fetching from HuggingFace Hub 'yangwang825/ecapa-tdnn-vox2' if not cached
/home/users/ntu/d230009/miniconda3/envs/solospeech/lib/python3.8/site-packages/speechbrain/utils/autocast.py:68: FutureWarning: `torch.cuda.amp.custom_fwd(args...)` is deprecated. Please use `torch.amp.custom_fwd(args..., device_type='cuda')` instead.
  wrapped_fwd = torch.cuda.amp.custom_fwd(fwd, cast_inputs=cast_inputs)
INFO:speechbrain.utils.fetching:Fetch embedding_model.ckpt: Fetching from HuggingFace Hub 'yangwang825/ecapa-tdnn-vox2' if not cached
INFO:speechbrain.utils.fetching:Fetch classifier.ckpt: Fetching from HuggingFace Hub 'yangwang825/ecapa-tdnn-vox2' if not cached
INFO:speechbrain.utils.fetching:Fetch label_encoder.txt: Fetching from HuggingFace Hub 'yangwang825/ecapa-tdnn-vox2' if not cached
INFO:speechbrain.utils.parameter_transfer:Loading pretrained files for: embedding_model, classifier, label_encoder
/home/users/ntu/d230009/miniconda3/envs/solospeech/lib/python3.8/site-packages/speechbrain/utils/checkpoints.py:200: FutureWarning: You are using `torch.load` with `weights_only=False` (the current default value), which uses the default pickle module implicitly. It is possible to construct malicious pickle data which will execute arbitrary code during unpickling (See https://github.com/pytorch/pytorch/blob/main/SECURITY.md#untrusted-models for more details). In a future release, the default value for `weights_only` will be flipped to `True`. This limits the functions that could be executed during unpickling. Arbitrary objects will no longer be allowed to be loaded via this mode unless they are explicitly allowlisted by the user via `torch.serialization.add_safe_globals`. We recommend you start setting `weights_only=True` for any use case where you don't have full control of the loaded file. Please open an issue on GitHub for any issues related to this experimental feature.
  state_dict = torch.load(path, map_location=device)
Device: cuda:0
Loading models...
Autoencoder quantization first mode: True
x position embedding: none
rope mode: shared
time fusion mode: ada
context fusion mode: cross
context position embedding: none
use long skip connection: True
x position embedding: none
rope mode: shared
context fusion mode: None
context position embedding: none
Start Extraction...
Save to : ./Solospeech_Output/output_audio_test1.wav
Detected language: en
Transcription saved to ./Transcription_Output/transcript_test1.txt
Running SoloSpeech...
Running Whisper transcription...
~~~~~~~~~~~~~~~~~~~~~~~~~~~~~~~~~~~~~~~~~~~~~~~~~~~~~~~~~~~~~~~~~~~~~~~~~~~~~~~~~~~~~~~~~~
			Resource Usage on 2025-09-13 15:52:36.573826:
~~~~~~~~~~~~~~~~~~~~~~~~~~~~~~~~~~~~~~~~~~~~~~~~~~~~~~~~~~~~~~~~~~~~~~~~~~~~~~~~~~~~~~~~~~
	JobId: 11783000.pbs101
	Project: personal-d230009
	Exit Status: 0
~~~~~~~~~~~~~~~~~~~~~~~~~~~~~~~~~~~~~~~~~~~~~~~~~~~~~~~~~~~~~~~~~~~~~~~~~~~~~~~~~~~~~~~~~~
	NCPUs: Requested(64), Used(64)
	CPU Time Used: 00:03:08
	Memory: Requested(440gb), Used(4665904kb)
	Vmem Used: 801561404kb
	Walltime: Requested(00:30:00), Used(00:01:09)
~~~~~~~~~~~~~~~~~~~~~~~~~~~~~~~~~~~~~~~~~~~~~~~~~~~~~~~~~~~~~~~~~~~~~~~~~~~~~~~~~~~~~~~~~~
	Execution Nodes Used: (x1000c0s7b0n0:ncpus=64:ngpus=4:mem=461373440kb)
~~~~~~~~~~~~~~~~~~~~~~~~~~~~~~~~~~~~~~~~~~~~~~~~~~~~~~~~~~~~~~~~~~~~~~~~~~~~~~~~~~~~~~~~~~
	GPU Duration: 1.16mins
	GPU Power Consumed: 132.6W
	GPU Max GPU Memory Used: 29.52GB
	Memory Throughput Rate (Average): x1000c0s7b0n0:(gpu1:10%+gpu3:0%+gpu0:0%+gpu2:0%)
	Memory Throughput Rate (Max): x1000c0s7b0n0:(gpu1:34%+gpu3:0%+gpu0:0%+gpu2:0%)
	Memory Throughput Rate (Min): x1000c0s7b0n0:(gpu1:0%+gpu3:0%+gpu0:0%+gpu2:0%)
	GPU SM Utilization (Average): x1000c0s7b0n0:(gpu1:31%+gpu3:0%+gpu0:0%+gpu2:0%)
	GPU SM Utilization (Max): x1000c0s7b0n0:(gpu1:100%+gpu3:0%+gpu0:0%+gpu2:0%)
	GPU SM Utilization (Min): x1000c0s7b0n0:(gpu1:0%+gpu3:0%+gpu0:0%+gpu2:0%)
~~~~~~~~~~~~~~~~~~~~~~~~~~~~~~~~~~~~~~~~~~~~~~~~~~~~~~~~~~~~~~~~~~~~~~~~~~~~~~~~~~~~~~~~~~
Warning: GPUs 3, 0, 2 have a percentage of 0 utilisation.
GPU application profile: Low
~~~~~~~~~~~~~~~~~~~~~~~~~~~~~~~~~~~~~~~~~~~~~~~~~~~~~~~~~~~~~~~~~~~~~~~~~~~~~~~~~~~~~~~~~~

